// Jest Snapshot v1, https://goo.gl/fbAQLP

exports[`Heading renders correctly 1`] = `
<div>
  <div
    className="headingContainer"
  >
    <h1
      className="headingTitle"
    >
       Github Issues 
    </h1>
  </div>
  <div
    className="color"
  >
    <div
      className="arrow"
    />
  </div>
</div>
`;
